Timestamp               Ty Process[PID:TID]
2026-08-30 15:56:31.684 Df Monitor[5909:694c1] [com.samuelcolacchia.freedomfrom:monitor] woke reason=intervalDidStart
2026-08-30 15:56:31.689 Df Monitor[5909:694c1] [com.samuelcolacchia.freedomfrom:monitor] record read found=true active=true
2026-08-30 15:56:31.690 Df Monitor[5909:694c1] [com.samuelcolacchia.freedomfrom:monitor] deadline 2026-08-30T22:56:31Z
2026-08-30 15:56:31.759 Df Monitor[5909:694c1] [com.samuelcolacchia.freedomfrom:monitor] store mutation release landed=true
2026-08-30 15:56:31.759 Df Monitor[5909:694c1] [com.samuelcolacchia.freedomfrom:monitor] released late_by_seconds=1
2026-08-30 15:56:31.765 Df Monitor[5909:694c1] [com.samuelcolacchia.freedomfrom:monitor] record written
2026-08-30 16:13:09.641 Df FreedomFrom[6111:6c57b] [com.samuelcolacchia.freedomfrom:app] woke reason=launch
2026-08-30 16:13:09.641 Df FreedomFrom[6111:6c57b] [com.samuelcolacchia.freedomfrom:app] woke reason=hardware-pass build
2026-08-30 16:13:09.822 Df FreedomFrom[6111:6c57b] [com.samuelcolacchia.freedomfrom:app] authorization state=Not Determined
2026-08-30 16:13:09.824 Df FreedomFrom[6111:6c5b3] [com.samuelcolacchia.freedomfrom:app] record read found=true active=false
2026-08-30 16:13:13.785 Df FreedomFrom[6111:6c5b1] [com.samuelcolacchia.freedomfrom:app] record written
2026-08-30 16:13:38.565 Df FreedomFrom[6111:6c5af] [com.samuelcolacchia.freedomfrom:app] record written
2026-08-30 16:13:38.567 Df FreedomFrom[6111:6c6d6] [com.samuelcolacchia.freedomfrom:app] record read found=true active=true
2026-08-30 16:13:38.568 Df FreedomFrom[6111:6c6d6] [com.samuelcolacchia.freedomfrom:app] deadline 2026-08-30T23:28:38Z
2026-08-30 16:13:38.568 Df FreedomFrom[6111:6c6d6] [com.samuelcolacchia.freedomfrom:app] coverage resolved=1 of named=1
2026-08-30 16:13:38.616 Df FreedomFrom[6111:6c6d6] [com.samuelcolacchia.freedomfrom:app] store mutation enforcement landed=true
2026-08-30 16:13:38.618 Df FreedomFrom[6111:6c6d6] [com.samuelcolacchia.freedomfrom:app] store mutation deadline mirror landed=true
2026-08-30 16:13:38.618 Df FreedomFrom[6111:6c6d6] [com.samuelcolacchia.freedomfrom:app] window suppressed reason=hardware-pass build, so S2 is not a race
2026-08-30 16:13:45.466 Df FreedomFrom[6111:6c5af] [com.samuelcolacchia.freedomfrom:app] record written
2026-08-30 16:28:47.883 Df ShieldConfig[6277:6ec93] [com.samuelcolacchia.freedomfrom:shieldconfig] woke reason=shielding application
2026-08-30 16:28:47.886 Df ShieldConfig[6277:6ec93] [com.samuelcolacchia.freedomfrom:shieldconfig] record read found=true active=true
2026-08-30 16:28:47.888 Df ShieldConfig[6277:6ec93] [com.samuelcolacchia.freedomfrom:shieldconfig] deadline 2026-08-30T23:28:38Z
2026-08-30 16:28:47.915 Df ShieldConfig[6277:6ec93] [com.samuelcolacchia.freedomfrom:shieldconfig] store mutation release landed=true
2026-08-30 16:28:47.915 Df ShieldConfig[6277:6ec93] [com.samuelcolacchia.freedomfrom:shieldconfig] released late_by_seconds=10
